Archive member included to satisfy reference by file (symbol)

c:/program files (x86)/atmel/studio/7.0/toolchain/avr8/avr8-gnu-toolchain/bin/../lib/gcc/avr/5.4.0/avr51\libgcc.a(_divmodhi4.o)
                              driver/FND/FND.o (__divmodhi4)
c:/program files (x86)/atmel/studio/7.0/toolchain/avr8/avr8-gnu-toolchain/bin/../lib/gcc/avr/5.4.0/avr51\libgcc.a(_exit.o)
                              C:/Program Files (x86)/Atmel/Studio/7.0/Packs/atmel/ATmega_DFP/1.7.374/gcc/dev/atmega128a/avr51/crtatmega128a.o (exit)
c:/program files (x86)/atmel/studio/7.0/toolchain/avr8/avr8-gnu-toolchain/bin/../lib/gcc/avr/5.4.0/avr51\libgcc.a(_copy_data.o)
                              ap/presenter/Presenter.o (__do_copy_data)
c:/program files (x86)/atmel/studio/7.0/toolchain/avr8/avr8-gnu-toolchain/bin/../lib/gcc/avr/5.4.0/avr51\libgcc.a(_clear_bss.o)
                              ap/Listener/Listener.o (__do_clear_bss)
c:/program files (x86)/atmel/studio/7.0/toolchain/avr8/avr8-gnu-toolchain/bin/../lib/gcc/avr/5.4.0/avr51\libgcc.a(_umulhisi3.o)
                              ap/presenter/Presenter.o (__umulhisi3)
c:/program files (x86)/atmel/studio/7.0/toolchain/avr8/avr8-gnu-toolchain/bin/../lib/gcc/avr/5.4.0/avr51\libgcc.a(_udivmodhi4.o)
                              c:/program files (x86)/atmel/studio/7.0/toolchain/avr8/avr8-gnu-toolchain/bin/../lib/gcc/avr/5.4.0/avr51\libgcc.a(_divmodhi4.o) (__udivmodhi4)
c:/program files (x86)/atmel/studio/7.0/toolchain/avr8/avr8-gnu-toolchain/bin/../lib/gcc/avr/5.4.0/../../../../avr/lib/avr51\libc.a(sprintf.o)
                              ap/presenter/Presenter.o (sprintf)
c:/program files (x86)/atmel/studio/7.0/toolchain/avr8/avr8-gnu-toolchain/bin/../lib/gcc/avr/5.4.0/../../../../avr/lib/avr51\libc.a(vfprintf_std.o)
                              c:/program files (x86)/atmel/studio/7.0/toolchain/avr8/avr8-gnu-toolchain/bin/../lib/gcc/avr/5.4.0/../../../../avr/lib/avr51\libc.a(sprintf.o) (vfprintf)
c:/program files (x86)/atmel/studio/7.0/toolchain/avr8/avr8-gnu-toolchain/bin/../lib/gcc/avr/5.4.0/../../../../avr/lib/avr51\libc.a(strnlen_P.o)
                              c:/program files (x86)/atmel/studio/7.0/toolchain/avr8/avr8-gnu-toolchain/bin/../lib/gcc/avr/5.4.0/../../../../avr/lib/avr51\libc.a(vfprintf_std.o) (strnlen_P)
c:/program files (x86)/atmel/studio/7.0/toolchain/avr8/avr8-gnu-toolchain/bin/../lib/gcc/avr/5.4.0/../../../../avr/lib/avr51\libc.a(strnlen.o)
                              c:/program files (x86)/atmel/studio/7.0/toolchain/avr8/avr8-gnu-toolchain/bin/../lib/gcc/avr/5.4.0/../../../../avr/lib/avr51\libc.a(vfprintf_std.o) (strnlen)
c:/program files (x86)/atmel/studio/7.0/toolchain/avr8/avr8-gnu-toolchain/bin/../lib/gcc/avr/5.4.0/../../../../avr/lib/avr51\libc.a(fputc.o)
                              c:/program files (x86)/atmel/studio/7.0/toolchain/avr8/avr8-gnu-toolchain/bin/../lib/gcc/avr/5.4.0/../../../../avr/lib/avr51\libc.a(vfprintf_std.o) (fputc)
c:/program files (x86)/atmel/studio/7.0/toolchain/avr8/avr8-gnu-toolchain/bin/../lib/gcc/avr/5.4.0/../../../../avr/lib/avr51\libc.a(ultoa_invert.o)
                              c:/program files (x86)/atmel/studio/7.0/toolchain/avr8/avr8-gnu-toolchain/bin/../lib/gcc/avr/5.4.0/../../../../avr/lib/avr51\libc.a(vfprintf_std.o) (__ultoa_invert)

Allocating common symbols
Common symbol       size              file

btnTimeclock        0x6               ap/Listener/Listener.o
milisec             0x2               ap/Service/Service.o
btnTimclocpisph     0x6               ap/Listener/Listener.o
btnReset            0x6               ap/Listener/Listener.o
StopWatchStateData  0x1               ap/Model/Model_StopWatchState.o
TimeClockStateData  0x1               ap/Model/Model_TimeClockPispState.o
TimeModeStateData   0x1               ap/Model/Model_TimeModeState.o
hour                0x2               ap/Service/Service.o
min                 0x2               ap/Service/Service.o
sec                 0x2               ap/Service/Service.o
btnRunStop          0x6               ap/Listener/Listener.o

Discarded input sections

 .data          0x00000000        0x0 C:/Program Files (x86)/Atmel/Studio/7.0/Packs/atmel/ATmega_DFP/1.7.374/gcc/dev/atmega128a/avr51/crtatmega128a.o
 .bss           0x00000000        0x0 C:/Program Files (x86)/Atmel/Studio/7.0/Packs/atmel/ATmega_DFP/1.7.374/gcc/dev/atmega128a/avr51/crtatmega128a.o
 .text          0x00000000        0x0 ap/apMain.o
 .data          0x00000000        0x0 ap/apMain.o
 .bss           0x00000000        0x0 ap/apMain.o
 .text          0x00000000        0x0 ap/Listener/Listener.o
 .data          0x00000000        0x0 ap/Listener/Listener.o
 .bss           0x00000000        0x0 ap/Listener/Listener.o
 .text          0x00000000        0x0 ap/Model/Model_StopWatchState.o
 .data          0x00000000        0x0 ap/Model/Model_StopWatchState.o
 .bss           0x00000000        0x0 ap/Model/Model_StopWatchState.o
 .text          0x00000000        0x0 ap/Model/Model_TimeClockPispState.o
 .data          0x00000000        0x0 ap/Model/Model_TimeClockPispState.o
 .bss           0x00000000        0x0 ap/Model/Model_TimeClockPispState.o
 .text          0x00000000        0x0 ap/Model/Model_TimeModeState.o
 .data          0x00000000        0x0 ap/Model/Model_TimeModeState.o
 .bss           0x00000000        0x0 ap/Model/Model_TimeModeState.o
 .text          0x00000000        0x0 ap/presenter/Presenter.o
 .data          0x00000000        0x0 ap/presenter/Presenter.o
 .bss           0x00000000        0x0 ap/presenter/Presenter.o
 .text.Presenter_dispTimeClockData
                0x00000000      0x12e ap/presenter/Presenter.o
 .text          0x00000000        0x0 ap/Service/Service.o
 .data          0x00000000        0x0 ap/Service/Service.o
 .bss           0x00000000        0x0 ap/Service/Service.o
 .text          0x00000000        0x0 ap/Service/Service_TM.o
 .data          0x00000000        0x0 ap/Service/Service_TM.o
 .bss           0x00000000        0x0 ap/Service/Service_TM.o
 .debug_info    0x00000000       0x56 ap/Service/Service_TM.o
 .debug_abbrev  0x00000000       0x26 ap/Service/Service_TM.o
 .debug_aranges
                0x00000000       0x18 ap/Service/Service_TM.o
 .debug_line    0x00000000       0x1a ap/Service/Service_TM.o
 .debug_str     0x00000000      0x175 ap/Service/Service_TM.o
 .comment       0x00000000       0x31 ap/Service/Service_TM.o
 .text          0x00000000        0x0 driver/Button/button.o
 .data          0x00000000        0x0 driver/Button/button.o
 .bss           0x00000000        0x0 driver/Button/button.o
 .text          0x00000000        0x0 driver/FND/FND.o
 .data          0x00000000        0x0 driver/FND/FND.o
 .bss           0x00000000        0x0 driver/FND/FND.o
 .text.FND_colonON
                0x00000000        0x8 driver/FND/FND.o
 .text.FND_colonOFF
                0x00000000        0x6 driver/FND/FND.o
 .text          0x00000000        0x0 driver/LCD/LCD.o
 .data          0x00000000        0x0 driver/LCD/LCD.o
 .bss           0x00000000        0x0 driver/LCD/LCD.o
 .text.LCD_clearDisplay
                0x00000000        0x8 driver/LCD/LCD.o
 .text          0x00000000        0x0 main.o
 .data          0x00000000        0x0 main.o
 .bss           0x00000000        0x0 main.o
 .text          0x00000000        0x0 periph/GPIO/GPIO.o
 .data          0x00000000        0x0 periph/GPIO/GPIO.o
 .bss           0x00000000        0x0 periph/GPIO/GPIO.o
 .text.Gpio_readPort
                0x00000000       0x16 periph/GPIO/GPIO.o
 .text.Gpio_readPin
                0x00000000       0x24 periph/GPIO/GPIO.o
 .text          0x00000000        0x0 periph/TIM/TIM.o
 .data          0x00000000        0x0 periph/TIM/TIM.o
 .bss           0x00000000        0x0 periph/TIM/TIM.o
 .text          0x00000000        0x0 periph/TIM/TIM2.o
 .data          0x00000000        0x0 periph/TIM/TIM2.o
 .bss           0x00000000        0x0 periph/TIM/TIM2.o
 .text          0x00000000        0x0 c:/program files (x86)/atmel/studio/7.0/toolchain/avr8/avr8-gnu-toolchain/bin/../lib/gcc/avr/5.4.0/avr51\libgcc.a(_divmodhi4.o)
 .data          0x00000000        0x0 c:/program files (x86)/atmel/studio/7.0/toolchain/avr8/avr8-gnu-toolchain/bin/../lib/gcc/avr/5.4.0/avr51\libgcc.a(_divmodhi4.o)
 .bss           0x00000000        0x0 c:/program files (x86)/atmel/studio/7.0/toolchain/avr8/avr8-gnu-toolchain/bin/../lib/gcc/avr/5.4.0/avr51\libgcc.a(_divmodhi4.o)
 .text.libgcc.mul
                0x00000000        0x0 c:/program files (x86)/atmel/studio/7.0/toolchain/avr8/avr8-gnu-toolchain/bin/../lib/gcc/avr/5.4.0/avr51\libgcc.a(_divmodhi4.o)
 .text.libgcc   0x00000000        0x0 c:/program files (x86)/atmel/studio/7.0/toolchain/avr8/avr8-gnu-toolchain/bin/../lib/gcc/avr/5.4.0/avr51\libgcc.a(_divmodhi4.o)
 .text.libgcc.prologue
                0x00000000        0x0 c:/program files (x86)/atmel/studio/7.0/toolchain/avr8/avr8-gnu-toolchain/bin/../lib/gcc/avr/5.4.0/avr51\libgcc.a(_divmodhi4.o)
 .text.libgcc.builtins
                0x00000000        0x0 c:/program files (x86)/atmel/studio/7.0/toolchain/avr8/avr8-gnu-toolchain/bin/../lib/gcc/avr/5.4.0/avr51\libgcc.a(_divmodhi4.o)
 .text.libgcc.fmul
                0x00000000        0x0 c:/program files (x86)/atmel/studio/7.0/toolchain/avr8/avr8-gnu-toolchain/bin/../lib/gcc/avr/5.4.0/avr51\libgcc.a(_divmodhi4.o)
 .text.libgcc.fixed
                0x00000000        0x0 c:/program files (x86)/atmel/studio/7.0/toolchain/avr8/avr8-gnu-toolchain/bin/../lib/gcc/avr/5.4.0/avr51\libgcc.a(_divmodhi4.o)
 .text          0x00000000        0x0 c:/program files (x86)/atmel/studio/7.0/toolchain/avr8/avr8-gnu-toolchain/bin/../lib/gcc/avr/5.4.0/avr51\libgcc.a(_exit.o)
 .data          0x00000000        0x0 c:/program files (x86)/atmel/studio/7.0/toolchain/avr8/avr8-gnu-toolchain/bin/../lib/gcc/avr/5.4.0/avr51\libgcc.a(_exit.o)
 .bss           0x00000000        0x0 c:/program files (x86)/atmel/studio/7.0/toolchain/avr8/avr8-gnu-toolchain/bin/../lib/gcc/avr/5.4.0/avr51\libgcc.a(_exit.o)
 .text.libgcc.mul
                0x00000000        0x0 c:/program files (x86)/atmel/studio/7.0/toolchain/avr8/avr8-gnu-toolchain/bin/../lib/gcc/avr/5.4.0/avr51\libgcc.a(_exit.o)
 .text.libgcc.div
                0x00000000        0x0 c:/program files (x86)/atmel/studio/7.0/toolchain/avr8/avr8-gnu-toolchain/bin/../lib/gcc/avr/5.4.0/avr51\libgcc.a(_exit.o)
 .text.libgcc   0x00000000        0x0 c:/program files (x86)/atmel/studio/7.0/toolchain/avr8/avr8-gnu-toolchain/bin/../lib/gcc/avr/5.4.0/avr51\libgcc.a(_exit.o)
 .text.libgcc.prologue
                0x00000000        0x0 c:/program files (x86)/atmel/studio/7.0/toolchain/avr8/avr8-gnu-toolchain/bin/../lib/gcc/avr/5.4.0/avr51\libgcc.a(_exit.o)
 .text.libgcc.builtins
                0x00000000        0x0 c:/program files (x86)/atmel/studio/7.0/toolchain/avr8/avr8-gnu-toolchain/bin/../lib/gcc/avr/5.4.0/avr51\libgcc.a(_exit.o)
 .text.libgcc.fmul
                0x00000000        0x0 c:/program files (x86)/atmel/studio/7.0/toolchain/avr8/avr8-gnu-toolchain/bin/../lib/gcc/avr/5.4.0/avr51\libgcc.a(_exit.o)
 .text.libgcc.fixed
                0x00000000        0x0 c:/program files (x86)/atmel/studio/7.0/toolchain/avr8/avr8-gnu-toolchain/bin/../lib/gcc/avr/5.4.0/avr51\libgcc.a(_exit.o)
 .text          0x00000000        0x0 c:/program files (x86)/atmel/studio/7.0/toolchain/avr8/avr8-gnu-toolchain/bin/../lib/gcc/avr/5.4.0/avr51\libgcc.a(_copy_data.o)
 .data          0x00000000        0x0 c:/program files (x86)/atmel/studio/7.0/toolchain/avr8/avr8-gnu-toolchain/bin/../lib/gcc/avr/5.4.0/avr51\libgcc.a(_copy_data.o)
 .bss           0x00000000        0x0 c:/program files (x86)/atmel/studio/7.0/toolchain/avr8/avr8-gnu-toolchain/bin/../lib/gcc/avr/5.4.0/avr51\libgcc.a(_copy_data.o)
 .text.libgcc.mul
                0x00000000        0x0 c:/program files (x86)/atmel/studio/7.0/toolchain/avr8/avr8-gnu-toolchain/bin/../lib/gcc/avr/5.4.0/avr51\libgcc.a(_copy_data.o)
 .text.libgcc.div
                0x00000000        0x0 c:/program files (x86)/atmel/studio/7.0/toolchain/avr8/avr8-gnu-toolchain/bin/../lib/gcc/avr/5.4.0/avr51\libgcc.a(_copy_data.o)
 .text.libgcc   0x00000000        0x0 c:/program files (x86)/atmel/studio/7.0/toolchain/avr8/avr8-gnu-toolchain/bin/../lib/gcc/avr/5.4.0/avr51\libgcc.a(_copy_data.o)
 .text.libgcc.prologue
                0x00000000        0x0 c:/program files (x86)/atmel/studio/7.0/toolchain/avr8/avr8-gnu-toolchain/bin/../lib/gcc/avr/5.4.0/avr51\libgcc.a(_copy_data.o)
 .text.libgcc.builtins
                0x00000000        0x0 c:/program files (x86)/atmel/studio/7.0/toolchain/avr8/avr8-gnu-toolchain/bin/../lib/gcc/avr/5.4.0/avr51\libgcc.a(_copy_data.o)
 .text.libgcc.fmul
                0x00000000        0x0 c:/program files (x86)/atmel/studio/7.0/toolchain/avr8/avr8-gnu-toolchain/bin/../lib/gcc/avr/5.4.0/avr51\libgcc.a(_copy_data.o)
 .text.libgcc.fixed
                0x00000000        0x0 c:/program files (x86)/atmel/studio/7.0/toolchain/avr8/avr8-gnu-toolchain/bin/../lib/gcc/avr/5.4.0/avr51\libgcc.a(_copy_data.o)
 .text          0x00000000        0x0 c:/program files (x86)/atmel/studio/7.0/toolchain/avr8/avr8-gnu-toolchain/bin/../lib/gcc/avr/5.4.0/avr51\libgcc.a(_clear_bss.o)
 .data          0x00000000        0x0 c:/program files (x86)/atmel/studio/7.0/toolchain/avr8/avr8-gnu-toolchain/bin/../lib/gcc/avr/5.4.0/avr51\libgcc.a(_clear_bss.o)
 .bss           0x00000000        0x0 c:/program files (x86)/atmel/studio/7.0/toolchain/avr8/avr8-gnu-toolchain/bin/../lib/gcc/avr/5.4.0/avr51\libgcc.a(_clear_bss.o)
 .text.libgcc.mul
                0x00000000        0x0 c:/program files (x86)/atmel/studio/7.0/toolchain/avr8/avr8-gnu-toolchain/bin/../lib/gcc/avr/5.4.0/avr51\libgcc.a(_clear_bss.o)
 .text.libgcc.div
                0x00000000        0x0 c:/program files (x86)/atmel/studio/7.0/toolchain/avr8/avr8-gnu-toolchain/bin/../lib/gcc/avr/5.4.0/avr51\libgcc.a(_clear_bss.o)
 .text.libgcc   0x00000000        0x0 c:/program files (x86)/atmel/studio/7.0/toolchain/avr8/avr8-gnu-toolchain/bin/../lib/gcc/avr/5.4.0/avr51\libgcc.a(_clear_bss.o)
 .text.libgcc.prologue
                0x00000000        0x0 c:/program files (x86)/atmel/studio/7.0/toolchain/avr8/avr8-gnu-toolchain/bin/../lib/gcc/avr/5.4.0/avr51\libgcc.a(_clear_bss.o)
 .text.libgcc.builtins
                0x00000000        0x0 c:/program files (x86)/atmel/studio/7.0/toolchain/avr8/avr8-gnu-toolchain/bin/../lib/gcc/avr/5.4.0/avr51\libgcc.a(_clear_bss.o)
 .text.libgcc.fmul
                0x00000000        0x0 c:/program files (x86)/atmel/studio/7.0/toolchain/avr8/avr8-gnu-toolchain/bin/../lib/gcc/avr/5.4.0/avr51\libgcc.a(_clear_bss.o)
 .text.libgcc.fixed
                0x00000000        0x0 c:/program files (x86)/atmel/studio/7.0/toolchain/avr8/avr8-gnu-toolchain/bin/../lib/gcc/avr/5.4.0/avr51\libgcc.a(_clear_bss.o)
 .text          0x00000000        0x0 c:/program files (x86)/atmel/studio/7.0/toolchain/avr8/avr8-gnu-toolchain/bin/../lib/gcc/avr/5.4.0/avr51\libgcc.a(_umulhisi3.o)
 .data          0x00000000        0x0 c:/program files (x86)/atmel/studio/7.0/toolchain/avr8/avr8-gnu-toolchain/bin/../lib/gcc/avr/5.4.0/avr51\libgcc.a(_umulhisi3.o)
 .bss           0x00000000        0x0 c:/program files (x86)/atmel/studio/7.0/toolchain/avr8/avr8-gnu-toolchain/bin/../lib/gcc/avr/5.4.0/avr51\libgcc.a(_umulhisi3.o)
 .text.libgcc.div
                0x00000000        0x0 c:/program files (x86)/atmel/studio/7.0/toolchain/avr8/avr8-gnu-toolchain/bin/../lib/gcc/avr/5.4.0/avr51\libgcc.a(_umulhisi3.o)
 .text.libgcc   0x00000000        0x0 c:/program files (x86)/atmel/studio/7.0/toolchain/avr8/avr8-gnu-toolchain/bin/../lib/gcc/avr/5.4.0/avr51\libgcc.a(_umulhisi3.o)
 .text.libgcc.prologue
                0x00000000        0x0 c:/program files (x86)/atmel/studio/7.0/toolchain/avr8/avr8-gnu-toolchain/bin/../lib/gcc/avr/5.4.0/avr51\libgcc.a(_umulhisi3.o)
 .text.libgcc.builtins
                0x00000000        0x0 c:/program files (x86)/atmel/studio/7.0/toolchain/avr8/avr8-gnu-toolchain/bin/../lib/gcc/avr/5.4.0/avr51\libgcc.a(_umulhisi3.o)
 .text.libgcc.fmul
                0x00000000        0x0 c:/program files (x86)/atmel/studio/7.0/toolchain/avr8/avr8-gnu-toolchain/bin/../lib/gcc/avr/5.4.0/avr51\libgcc.a(_umulhisi3.o)
 .text.libgcc.fixed
                0x00000000        0x0 c:/program files (x86)/atmel/studio/7.0/toolchain/avr8/avr8-gnu-toolchain/bin/../lib/gcc/avr/5.4.0/avr51\libgcc.a(_umulhisi3.o)
 .text          0x00000000        0x0 c:/program files (x86)/atmel/studio/7.0/toolchain/avr8/avr8-gnu-toolchain/bin/../lib/gcc/avr/5.4.0/avr51\libgcc.a(_udivmodhi4.o)
 .data          0x00000000        0x0 c:/program files (x86)/atmel/studio/7.0/toolchain/avr8/avr8-gnu-toolchain/bin/../lib/gcc/avr/5.4.0/avr51\libgcc.a(_udivmodhi4.o)
 .bss           0x00000000        0x0 c:/program files (x86)/atmel/studio/7.0/toolchain/avr8/avr8-gnu-toolchain/bin/../lib/gcc/avr/5.4.0/avr51\libgcc.a(_udivmodhi4.o)
 .text.libgcc.mul
                0x00000000        0x0 c:/program files (x86)/atmel/studio/7.0/toolchain/avr8/avr8-gnu-toolchain/bin/../lib/gcc/avr/5.4.0/avr51\libgcc.a(_udivmodhi4.o)
 .text.libgcc   0x00000000        0x0 c:/program files (x86)/atmel/studio/7.0/toolchain/avr8/avr8-gnu-toolchain/bin/../lib/gcc/avr/5.4.0/avr51\libgcc.a(_udivmodhi4.o)
 .text.libgcc.prologue
                0x00000000        0x0 c:/program files (x86)/atmel/studio/7.0/toolchain/avr8/avr8-gnu-toolchain/bin/../lib/gcc/avr/5.4.0/avr51\libgcc.a(_udivmodhi4.o)
 .text.libgcc.builtins
                0x00000000        0x0 c:/program files (x86)/atmel/studio/7.0/toolchain/avr8/avr8-gnu-toolchain/bin/../lib/gcc/avr/5.4.0/avr51\libgcc.a(_udivmodhi4.o)
 .text.libgcc.fmul
                0x00000000        0x0 c:/program files (x86)/atmel/studio/7.0/toolchain/avr8/avr8-gnu-toolchain/bin/../lib/gcc/avr/5.4.0/avr51\libgcc.a(_udivmodhi4.o)
 .text.libgcc.fixed
                0x00000000        0x0 c:/program files (x86)/atmel/studio/7.0/toolchain/avr8/avr8-gnu-toolchain/bin/../lib/gcc/avr/5.4.0/avr51\libgcc.a(_udivmodhi4.o)
 .text          0x00000000        0x0 c:/program files (x86)/atmel/studio/7.0/toolchain/avr8/avr8-gnu-toolchain/bin/../lib/gcc/avr/5.4.0/../../../../avr/lib/avr51\libc.a(sprintf.o)
 .data          0x00000000        0x0 c:/program files (x86)/atmel/studio/7.0/toolchain/avr8/avr8-gnu-toolchain/bin/../lib/gcc/avr/5.4.0/../../../../avr/lib/avr51\libc.a(sprintf.o)
 .bss           0x00000000        0x0 c:/program files (x86)/atmel/studio/7.0/toolchain/avr8/avr8-gnu-toolchain/bin/../lib/gcc/avr/5.4.0/../../../../avr/lib/avr51\libc.a(sprintf.o)
 .text          0x00000000        0x0 c:/program files (x86)/atmel/studio/7.0/toolchain/avr8/avr8-gnu-toolchain/bin/../lib/gcc/avr/5.4.0/../../../../avr/lib/avr51\libc.a(vfprintf_std.o)
 .data          0x00000000        0x0 c:/program files (x86)/atmel/studio/7.0/toolchain/avr8/avr8-gnu-toolchain/bin/../lib/gcc/avr/5.4.0/../../../../avr/lib/avr51\libc.a(vfprintf_std.o)
 .bss           0x00000000        0x0 c:/program files (x86)/atmel/studio/7.0/toolchain/avr8/avr8-gnu-toolchain/bin/../lib/gcc/avr/5.4.0/../../../../avr/lib/avr51\libc.a(vfprintf_std.o)
 .text          0x00000000        0x0 c:/program files (x86)/atmel/studio/7.0/toolchain/avr8/avr8-gnu-toolchain/bin/../lib/gcc/avr/5.4.0/../../../../avr/lib/avr51\libc.a(strnlen_P.o)
 .data          0x00000000        0x0 c:/program files (x86)/atmel/studio/7.0/toolchain/avr8/avr8-gnu-toolchain/bin/../lib/gcc/avr/5.4.0/../../../../avr/lib/avr51\libc.a(strnlen_P.o)
 .bss           0x00000000        0x0 c:/program files (x86)/atmel/studio/7.0/toolchain/avr8/avr8-gnu-toolchain/bin/../lib/gcc/avr/5.4.0/../../../../avr/lib/avr51\libc.a(strnlen_P.o)
 .text          0x00000000        0x0 c:/program files (x86)/atmel/studio/7.0/toolchain/avr8/avr8-gnu-toolchain/bin/../lib/gcc/avr/5.4.0/../../../../avr/lib/avr51\libc.a(strnlen.o)
 .data          0x00000000        0x0 c:/program files (x86)/atmel/studio/7.0/toolchain/avr8/avr8-gnu-toolchain/bin/../lib/gcc/avr/5.4.0/../../../../avr/lib/avr51\libc.a(strnlen.o)
 .bss           0x00000000        0x0 c:/program files (x86)/atmel/studio/7.0/toolchain/avr8/avr8-gnu-toolchain/bin/../lib/gcc/avr/5.4.0/../../../../avr/lib/avr51\libc.a(strnlen.o)
 .text          0x00000000        0x0 c:/program files (x86)/atmel/studio/7.0/toolchain/avr8/avr8-gnu-toolchain/bin/../lib/gcc/avr/5.4.0/../../../../avr/lib/avr51\libc.a(fputc.o)
 .data          0x00000000        0x0 c:/program files (x86)/atmel/studio/7.0/toolchain/avr8/avr8-gnu-toolchain/bin/../lib/gcc/avr/5.4.0/../../../../avr/lib/avr51\libc.a(fputc.o)
 .bss           0x00000000        0x0 c:/program files (x86)/atmel/studio/7.0/toolchain/avr8/avr8-gnu-toolchain/bin/../lib/gcc/avr/5.4.0/../../../../avr/lib/avr51\libc.a(fputc.o)
 .text          0x00000000        0x0 c:/program files (x86)/atmel/studio/7.0/toolchain/avr8/avr8-gnu-toolchain/bin/../lib/gcc/avr/5.4.0/../../../../avr/lib/avr51\libc.a(ultoa_invert.o)
 .data          0x00000000        0x0 c:/program files (x86)/atmel/studio/7.0/toolchain/avr8/avr8-gnu-toolchain/bin/../lib/gcc/avr/5.4.0/../../../../avr/lib/avr51\libc.a(ultoa_invert.o)
 .bss           0x00000000        0x0 c:/program files (x86)/atmel/studio/7.0/toolchain/avr8/avr8-gnu-toolchain/bin/../lib/gcc/avr/5.4.0/../../../../avr/lib/avr51\libc.a(ultoa_invert.o)

Memory Configuration

Name             Origin             Length             Attributes
text             0x00000000         0x00020000         xr
data             0x00800100         0x00001000         rw !x
eeprom           0x00810000         0x00001000         rw !x
fuse             0x00820000         0x00000003         rw !x
lock             0x00830000         0x00000400         rw !x
signature        0x00840000         0x00000400         rw !x
user_signatures  0x00850000         0x00000400         rw !x
*default*        0x00000000         0xffffffff

Linker script and memory map

Address of section .data set to 0x800100
LOAD C:/Program Files (x86)/Atmel/Studio/7.0/Packs/atmel/ATmega_DFP/1.7.374/gcc/dev/atmega128a/avr51/crtatmega128a.o
LOAD ap/apMain.o
LOAD ap/Listener/Listener.o
LOAD ap/Model/Model_StopWatchState.o
LOAD ap/Model/Model_TimeClockPispState.o
LOAD ap/Model/Model_TimeModeState.o
LOAD ap/presenter/Presenter.o
LOAD ap/Service/Service.o
LOAD ap/Service/Service_TM.o
LOAD driver/Button/button.o
LOAD driver/FND/FND.o
LOAD driver/LCD/LCD.o
LOAD main.o
LOAD periph/GPIO/GPIO.o
LOAD periph/TIM/TIM.o
LOAD periph/TIM/TIM2.o
START GROUP
LOAD c:/program files (x86)/atmel/studio/7.0/toolchain/avr8/avr8-gnu-toolchain/bin/../lib/gcc/avr/5.4.0/../../../../avr/lib/avr51\libm.a
END GROUP
START GROUP
LOAD c:/program files (x86)/atmel/studio/7.0/toolchain/avr8/avr8-gnu-toolchain/bin/../lib/gcc/avr/5.4.0/avr51\libgcc.a
LOAD c:/program files (x86)/atmel/studio/7.0/toolchain/avr8/avr8-gnu-toolchain/bin/../lib/gcc/avr/5.4.0/../../../../avr/lib/avr51\libm.a
LOAD c:/program files (x86)/atmel/studio/7.0/toolchain/avr8/avr8-gnu-toolchain/bin/../lib/gcc/avr/5.4.0/../../../../avr/lib/avr51\libc.a
LOAD C:/Program Files (x86)/Atmel/Studio/7.0/Packs/atmel/ATmega_DFP/1.7.374/gcc/dev/atmega128a/avr51\libatmega128a.a
END GROUP
                [0x00000000]                __TEXT_REGION_ORIGIN__ = DEFINED (__TEXT_REGION_ORIGIN__)?__TEXT_REGION_ORIGIN__:0x0
                [0x00800100]                __DATA_REGION_ORIGIN__ = DEFINED (__DATA_REGION_ORIGIN__)?__DATA_REGION_ORIGIN__:0x800100
                [0x00020000]                __TEXT_REGION_LENGTH__ = DEFINED (__TEXT_REGION_LENGTH__)?__TEXT_REGION_LENGTH__:0x20000
                [0x00001000]                __DATA_REGION_LENGTH__ = DEFINED (__DATA_REGION_LENGTH__)?__DATA_REGION_LENGTH__:0xff00
                [0x00001000]                __EEPROM_REGION_LENGTH__ = DEFINED (__EEPROM_REGION_LENGTH__)?__EEPROM_REGION_LENGTH__:0x10000
                [0x00000003]                __FUSE_REGION_LENGTH__ = DEFINED (__FUSE_REGION_LENGTH__)?__FUSE_REGION_LENGTH__:0x400
                0x00000400                __LOCK_REGION_LENGTH__ = DEFINED (__LOCK_REGION_LENGTH__)?__LOCK_REGION_LENGTH__:0x400
                0x00000400                __SIGNATURE_REGION_LENGTH__ = DEFINED (__SIGNATURE_REGION_LENGTH__)?__SIGNATURE_REGION_LENGTH__:0x400
                0x00000400                __USER_SIGNATURE_REGION_LENGTH__ = DEFINED (__USER_SIGNATURE_REGION_LENGTH__)?__USER_SIGNATURE_REGION_LENGTH__:0x400

.hash
 *(.hash)

.dynsym
 *(.dynsym)

.dynstr
 *(.dynstr)

.gnu.version
 *(.gnu.version)

.gnu.version_d
 *(.gnu.version_d)

.gnu.version_r
 *(.gnu.version_r)

.rel.init
 *(.rel.init)

.rela.init
 *(.rela.init)

.rel.text
 *(.rel.text)
 *(.rel.text.*)
 *(.rel.gnu.linkonce.t*)

.rela.text
 *(.rela.text)
 *(.rela.text.*)
 *(.rela.gnu.linkonce.t*)

.rel.fini
 *(.rel.fini)

.rela.fini
 *(.rela.fini)

.rel.rodata
 *(.rel.rodata)
 *(.rel.rodata.*)
 *(.rel.gnu.linkonce.r*)

.rela.rodata
 *(.rela.rodata)
 *(.rela.rodata.*)
 *(.rela.gnu.linkonce.r*)

.rel.data
 *(.rel.data)
 *(.rel.data.*)
 *(.rel.gnu.linkonce.d*)

.rela.data
 *(.rela.data)
 *(.rela.data.*)
 *(.rela.gnu.linkonce.d*)

.rel.ctors
 *(.rel.ctors)

.rela.ctors
 *(.rela.ctors)

.rel.dtors
 *(.rel.dtors)

.rela.dtors
 *(.rela.dtors)

.rel.got
 *(.rel.got)

.rela.got
 *(.rela.got)

.rel.bss
 *(.rel.bss)

.rela.bss
 *(.rela.bss)

.rel.plt
 *(.rel.plt)

.rela.plt
 *(.rela.plt)

.text           0x00000000     0x1028
 *(.vectors)
 .vectors       0x00000000       0x8c C:/Program Files (x86)/Atmel/Studio/7.0/Packs/atmel/ATmega_DFP/1.7.374/gcc/dev/atmega128a/avr51/crtatmega128a.o
                0x00000000                __vector_default
                0x00000000                __vectors
 *(.vectors)
 *(.progmem.gcc*)
                0x0000008c                . = ALIGN (0x2)
                0x0000008c                __trampolines_start = .
 *(.trampolines)
 .trampolines   0x0000008c        0x0 linker stubs
 *(.trampolines*)
                0x0000008c                __trampolines_end = .
 *libprintf_flt.a:*(.progmem.data)
 *libc.a:*(.progmem.data)
 *(.progmem*)
                0x0000008c                . = ALIGN (0x2)
 *(.jumptables)
 *(.jumptables*)
 *(.lowtext)
 *(.lowtext*)
                0x0000008c                __ctors_start = .
 *(.ctors)
                0x0000008c                __ctors_end = .
                0x0000008c                __dtors_start = .
 *(.dtors)
                0x0000008c                __dtors_end = .
 SORT(*)(.ctors)
 SORT(*)(.dtors)
 *(.init0)
 .init0         0x0000008c        0x0 C:/Program Files (x86)/Atmel/Studio/7.0/Packs/atmel/ATmega_DFP/1.7.374/gcc/dev/atmega128a/avr51/crtatmega128a.o
                0x0000008c                __init
 *(.init0)
 *(.init1)
 *(.init1)
 *(.init2)
 .init2         0x0000008c        0xc C:/Program Files (x86)/Atmel/Studio/7.0/Packs/atmel/ATmega_DFP/1.7.374/gcc/dev/atmega128a/avr51/crtatmega128a.o
 *(.init2)
 *(.init3)
 *(.init3)
 *(.init4)
 .init4         0x00000098       0x1a c:/program files (x86)/atmel/studio/7.0/toolchain/avr8/avr8-gnu-toolchain/bin/../lib/gcc/avr/5.4.0/avr51\libgcc.a(_copy_data.o)
                0x00000098                __do_copy_data
 .init4         0x000000b2       0x10 c:/program files (x86)/atmel/studio/7.0/toolchain/avr8/avr8-gnu-toolchain/bin/../lib/gcc/avr/5.4.0/avr51\libgcc.a(_clear_bss.o)
                0x000000b2                __do_clear_bss
 *(.init4)
 *(.init5)
 *(.init5)
 *(.init6)
 *(.init6)
 *(.init7)
 *(.init7)
 *(.init8)
 *(.init8)
 *(.init9)
 .init9         0x000000c2        0x4 C:/Program Files (x86)/Atmel/Studio/7.0/Packs/atmel/ATmega_DFP/1.7.374/gcc/dev/atmega128a/avr51/crtatmega128a.o
 *(.init9)
 *(.text)
 .text          0x000000c6        0x2 C:/Program Files (x86)/Atmel/Studio/7.0/Packs/atmel/ATmega_DFP/1.7.374/gcc/dev/atmega128a/avr51/crtatmega128a.o
                0x000000c6                __vector_22
                0x000000c6                __vector_28
                0x000000c6                __vector_1
                0x000000c6                __vector_32
                0x000000c6                __vector_34
                0x000000c6                __vector_24
                0x000000c6                __vector_12
                0x000000c6                __bad_interrupt
                0x000000c6                __vector_6
                0x000000c6                __vector_31
                0x000000c6                __vector_3
                0x000000c6                __vector_23
                0x000000c6                __vector_30
                0x000000c6                __vector_25
                0x000000c6                __vector_11
                0x000000c6                __vector_13
                0x000000c6                __vector_17
                0x000000c6                __vector_19
                0x000000c6                __vector_7
                0x000000c6                __vector_27
                0x000000c6                __vector_5
                0x000000c6                __vector_33
                0x000000c6                __vector_4
                0x000000c6                __vector_2
                0x000000c6                __vector_21
                0x000000c6                __vector_15
                0x000000c6                __vector_29
                0x000000c6                __vector_8
                0x000000c6                __vector_26
                0x000000c6                __vector_14
                0x000000c6                __vector_10
                0x000000c6                __vector_18
                0x000000c6                __vector_20
                0x000000c8                . = ALIGN (0x2)
 *(.text.*)
 .text.__vector_16
                0x000000c8       0x52 ap/apMain.o
                0x000000c8                __vector_16
 .text.__vector_9
                0x0000011a       0x4e ap/apMain.o
                0x0000011a                __vector_9
 .text.apMain_init
                0x00000168       0x20 ap/apMain.o
                0x00000168                apMain_init
 .text.apMain_execute
                0x00000188        0x6 ap/apMain.o
                0x00000188                apMain_execute
 .text.Listener_init
                0x0000018e       0x42 ap/Listener/Listener.o
                0x0000018e                Listener_init
 .text.Listener_StopWatchEvent
                0x000001d0       0x50 ap/Listener/Listener.o
                0x000001d0                Listener_StopWatchEvent
 .text.Listener_TimeClockEvent
                0x00000220       0x3c ap/Listener/Listener.o
                0x00000220                Listener_TimeClockEvent
 .text.Listener_eventCheck
                0x0000025c       0x12 ap/Listener/Listener.o
                0x0000025c                Listener_eventCheck
 .text.Model_getStopWatchData
                0x0000026e        0x6 ap/Model/Model_StopWatchState.o
                0x0000026e                Model_getStopWatchData
 .text.Model_setStopWatchData
                0x00000274        0x6 ap/Model/Model_StopWatchState.o
                0x00000274                Model_setStopWatchData
 .text.Model_getTimeClockData
                0x0000027a        0x6 ap/Model/Model_TimeClockPispState.o
                0x0000027a                Model_getTimeClockData
 .text.Model_setTimeClockData
                0x00000280        0x6 ap/Model/Model_TimeClockPispState.o
                0x00000280                Model_setTimeClockData
 .text.Model_getTimeModeData
                0x00000286        0x6 ap/Model/Model_TimeModeState.o
                0x00000286                Model_getTimeModeData
 .text.Model_setTimeModeData
                0x0000028c        0x6 ap/Model/Model_TimeModeState.o
                0x0000028c                Model_setTimeModeData
 .text.Presenter_init
                0x00000292        0x6 ap/presenter/Presenter.o
                0x00000292                Presenter_init
 .text.Presenter_dispStopWatchData
                0x00000298      0x146 ap/presenter/Presenter.o
                0x00000298                Presenter_dispStopWatchData
 .text.StopWatch_init
                0x000003de       0x22 ap/Service/Service.o
                0x000003de                StopWatch_init
 .text.StopWatch_incMilisec
                0x00000400      0x122 ap/Service/Service.o
                0x00000400                StopWatch_incMilisec
 .text.Service_Run
                0x00000522       0x3e ap/Service/Service.o
                0x00000522                Service_Run
 .text.Button_init
                0x00000560       0x1a driver/Button/button.o
                0x00000560                Button_init
 .text.button_getstate
                0x0000057a       0x56 driver/Button/button.o
                0x0000057a                button_getstate
 .text.FND_init
                0x000005d0        0xe driver/FND/FND.o
                0x000005d0                FND_init
 .text.FND_dispNum
                0x000005de      0x216 driver/FND/FND.o
                0x000005de                FND_dispNum
 .text.FND_setFndData
                0x000007f4        0xa driver/FND/FND.o
                0x000007f4                FND_setFndData
 .text.FND_ISR_Process
                0x000007fe        0xc driver/FND/FND.o
                0x000007fe                FND_ISR_Process
 .text.Gpio_init
                0x0000080a       0x28 driver/LCD/LCD.o
                0x0000080a                Gpio_init
 .text.LCD_cmdMode
                0x00000832        0xc driver/LCD/LCD.o
                0x00000832                LCD_cmdMode
 .text.LCD_charMode
                0x0000083e        0xc driver/LCD/LCD.o
                0x0000083e                LCD_charMode
 .text.LCD_writeMode
                0x0000084a        0xc driver/LCD/LCD.o
                0x0000084a                LCD_writeMode
 .text.LCD_enableHigh
                0x00000856       0x18 driver/LCD/LCD.o
                0x00000856                LCD_enableHigh
 .text.LCD_enableLow
                0x0000086e       0x18 driver/LCD/LCD.o
                0x0000086e                LCD_enableLow
 .text.LCD_writeByte
                0x00000886        0xa driver/LCD/LCD.o
                0x00000886                LCD_writeByte
 .text.LCD_writeCmdData
                0x00000890       0x14 driver/LCD/LCD.o
                0x00000890                LCD_writeCmdData
 .text.LCD_init
                0x000008a4       0x48 driver/LCD/LCD.o
                0x000008a4                LCD_init
 .text.LCD_writeCharData
                0x000008ec       0x14 driver/LCD/LCD.o
                0x000008ec                LCD_writeCharData
 .text.LCD_writeString
                0x00000900       0x2a driver/LCD/LCD.o
                0x00000900                LCD_writeString
 .text.LCD_gotoXY
                0x0000092a       0x14 driver/LCD/LCD.o
                0x0000092a                LCD_gotoXY
 .text.LCD_writeStringXY
                0x0000093e       0x12 driver/LCD/LCD.o
                0x0000093e                LCD_writeStringXY
 .text.main     0x00000950        0x6 main.o
                0x00000950                main
 .text.Gpio_initPort
                0x00000956       0x12 periph/GPIO/GPIO.o
                0x00000956                Gpio_initPort
 .text.Gpio_initPin
                0x00000968       0x36 periph/GPIO/GPIO.o
                0x00000968                Gpio_initPin
 .text.Gpio_writePort
                0x0000099e        0x6 periph/GPIO/GPIO.o
                0x0000099e                Gpio_writePort
 .text.Gpio_writePin
                0x000009a4       0x34 periph/GPIO/GPIO.o
                0x000009a4                Gpio_writePin
 .text.TIM0_init
                0x000009d8       0x12 periph/TIM/TIM.o
                0x000009d8                TIM0_init
 .text.TIM2_init
                0x000009ea       0x18 periph/TIM/TIM2.o
                0x000009ea                TIM2_init
 .text.libgcc.div
                0x00000a02       0x26 c:/program files (x86)/atmel/studio/7.0/toolchain/avr8/avr8-gnu-toolchain/bin/../lib/gcc/avr/5.4.0/avr51\libgcc.a(_divmodhi4.o)
                0x00000a02                _div
                0x00000a02                __divmodhi4
 .text.libgcc.mul
                0x00000a28       0x1e c:/program files (x86)/atmel/studio/7.0/toolchain/avr8/avr8-gnu-toolchain/bin/../lib/gcc/avr/5.4.0/avr51\libgcc.a(_umulhisi3.o)
                0x00000a28                __umulhisi3
 .text.libgcc.div
                0x00000a46       0x28 c:/program files (x86)/atmel/studio/7.0/toolchain/avr8/avr8-gnu-toolchain/bin/../lib/gcc/avr/5.4.0/avr51\libgcc.a(_udivmodhi4.o)
                0x00000a46                __udivmodhi4
 .text.avr-libc
                0x00000a6e       0x5c c:/program files (x86)/atmel/studio/7.0/toolchain/avr8/avr8-gnu-toolchain/bin/../lib/gcc/avr/5.4.0/../../../../avr/lib/avr51\libc.a(sprintf.o)
                0x00000a6e                sprintf
 .text.avr-libc
                0x00000aca      0x3fa c:/program files (x86)/atmel/studio/7.0/toolchain/avr8/avr8-gnu-toolchain/bin/../lib/gcc/avr/5.4.0/../../../../avr/lib/avr51\libc.a(vfprintf_std.o)
                0x00000aca                vfprintf
 .text.avr-libc
                0x00000ec4       0x16 c:/program files (x86)/atmel/studio/7.0/toolchain/avr8/avr8-gnu-toolchain/bin/../lib/gcc/avr/5.4.0/../../../../avr/lib/avr51\libc.a(strnlen_P.o)
                0x00000ec4                strnlen_P
 .text.avr-libc
                0x00000eda       0x16 c:/program files (x86)/atmel/studio/7.0/toolchain/avr8/avr8-gnu-toolchain/bin/../lib/gcc/avr/5.4.0/../../../../avr/lib/avr51\libc.a(strnlen.o)
                0x00000eda                strnlen
 .text.avr-libc
                0x00000ef0       0x78 c:/program files (x86)/atmel/studio/7.0/toolchain/avr8/avr8-gnu-toolchain/bin/../lib/gcc/avr/5.4.0/../../../../avr/lib/avr51\libc.a(fputc.o)
                0x00000ef0                fputc
 .text.avr-libc
                0x00000f68       0xbc c:/program files (x86)/atmel/studio/7.0/toolchain/avr8/avr8-gnu-toolchain/bin/../lib/gcc/avr/5.4.0/../../../../avr/lib/avr51\libc.a(ultoa_invert.o)
                0x00000f68                __ultoa_invert
                0x00001024                . = ALIGN (0x2)
 *(.fini9)
 .fini9         0x00001024        0x0 c:/program files (x86)/atmel/studio/7.0/toolchain/avr8/avr8-gnu-toolchain/bin/../lib/gcc/avr/5.4.0/avr51\libgcc.a(_exit.o)
                0x00001024                _exit
                0x00001024                exit
 *(.fini9)
 *(.fini8)
 *(.fini8)
 *(.fini7)
 *(.fini7)
 *(.fini6)
 *(.fini6)
 *(.fini5)
 *(.fini5)
 *(.fini4)
 *(.fini4)
 *(.fini3)
 *(.fini3)
 *(.fini2)
 *(.fini2)
 *(.fini1)
 *(.fini1)
 *(.fini0)
 .fini0         0x00001024        0x4 c:/program files (x86)/atmel/studio/7.0/toolchain/avr8/avr8-gnu-toolchain/bin/../lib/gcc/avr/5.4.0/avr51\libgcc.a(_exit.o)
 *(.fini0)
                0x00001028                _etext = .

.data           0x00800100       0x5a load address 0x00001028
                0x00800100                PROVIDE (__data_start, .)
 *(.data)
 *(.data*)
 *(.gnu.linkonce.d*)
 *(.rodata)
 .rodata        0x00800100        0xb driver/FND/FND.o
 *(.rodata*)
 .rodata.str1.1
                0x0080010b       0x4f ap/presenter/Presenter.o
                                 0x59 (size before relaxing)
 *(.gnu.linkonce.r*)
                0x0080015a                . = ALIGN (0x2)
                0x0080015a                _edata = .
                0x0080015a                PROVIDE (__data_end, .)

.bss            0x0080015a       0x27
                0x0080015a                PROVIDE (__bss_start, .)
 *(.bss)
 *(.bss*)
 .bss.fndDigitState.1748
                0x0080015a        0x1 driver/FND/FND.o
 .bss.fndColonFlag
                0x0080015b        0x1 driver/FND/FND.o
                0x0080015b                fndColonFlag
 .bss.fndData   0x0080015c        0x2 driver/FND/FND.o
                0x0080015c                fndData
 *(COMMON)
 COMMON         0x0080015e       0x18 ap/Listener/Listener.o
                0x0080015e                btnTimeclock
                0x00800164                btnTimclocpisph
                0x0080016a                btnReset
                0x00800170                btnRunStop
 COMMON         0x00800176        0x1 ap/Model/Model_StopWatchState.o
                0x00800176                StopWatchStateData
 COMMON         0x00800177        0x1 ap/Model/Model_TimeClockPispState.o
                0x00800177                TimeClockStateData
 COMMON         0x00800178        0x1 ap/Model/Model_TimeModeState.o
                0x00800178                TimeModeStateData
 COMMON         0x00800179        0x8 ap/Service/Service.o
                0x00800179                milisec
                0x0080017b                hour
                0x0080017d                min
                0x0080017f                sec
                0x00800181                PROVIDE (__bss_end, .)
                0x00001028                __data_load_start = LOADADDR (.data)
                0x00001082                __data_load_end = (__data_load_start + SIZEOF (.data))

.noinit         0x00800181        0x0
                [!provide]                PROVIDE (__noinit_start, .)
 *(.noinit*)
                [!provide]                PROVIDE (__noinit_end, .)
                0x00800181                _end = .
                [!provide]                PROVIDE (__heap_start, .)

.eeprom         0x00810000        0x0
 *(.eeprom*)
                0x00810000                __eeprom_end = .

.fuse
 *(.fuse)
 *(.lfuse)
 *(.hfuse)
 *(.efuse)

.lock
 *(.lock*)

.signature
 *(.signature*)

.user_signatures
 *(.user_signatures*)

.stab
 *(.stab)

.stabstr
 *(.stabstr)

.stab.excl
 *(.stab.excl)

.stab.exclstr
 *(.stab.exclstr)

.stab.index
 *(.stab.index)

.stab.indexstr
 *(.stab.indexstr)

.comment        0x00000000       0x5c
 *(.comment)
 .comment       0x00000000       0x30 ap/apMain.o
                                 0x31 (size before relaxing)
 .comment       0x00000030       0x31 ap/Listener/Listener.o
 .comment       0x00000030       0x31 ap/Model/Model_StopWatchState.o
 .comment       0x00000030       0x31 ap/Model/Model_TimeClockPispState.o
 .comment       0x00000030       0x31 ap/Model/Model_TimeModeState.o
 .comment       0x00000030       0x31 ap/presenter/Presenter.o
 .comment       0x00000030       0x31 ap/Service/Service.o
 .comment       0x00000030       0x31 driver/Button/button.o
 .comment       0x00000030       0x31 driver/FND/FND.o
 .comment       0x00000030       0x31 driver/LCD/LCD.o
 .comment       0x00000030       0x31 main.o
 .comment       0x00000030       0x31 periph/GPIO/GPIO.o
 .comment       0x00000030       0x31 periph/TIM/TIM.o
 .comment       0x00000030       0x31 periph/TIM/TIM2.o
 .comment       0x00000030       0x31 c:/program files (x86)/atmel/studio/7.0/toolchain/avr8/avr8-gnu-toolchain/bin/../lib/gcc/avr/5.4.0/../../../../avr/lib/avr51\libc.a(sprintf.o)
 .comment       0x00000030       0x2c c:/program files (x86)/atmel/studio/7.0/toolchain/avr8/avr8-gnu-toolchain/bin/../lib/gcc/avr/5.4.0/../../../../avr/lib/avr51\libc.a(vfprintf_std.o)
                                 0x2d (size before relaxing)
 .comment       0x0000005c       0x31 c:/program files (x86)/atmel/studio/7.0/toolchain/avr8/avr8-gnu-toolchain/bin/../lib/gcc/avr/5.4.0/../../../../avr/lib/avr51\libc.a(fputc.o)

.note.gnu.avr.deviceinfo
                0x00000000       0x40
 .note.gnu.avr.deviceinfo
                0x00000000       0x40 C:/Program Files (x86)/Atmel/Studio/7.0/Packs/atmel/ATmega_DFP/1.7.374/gcc/dev/atmega128a/avr51/crtatmega128a.o

.note.gnu.build-id
 *(.note.gnu.build-id)

.debug
 *(.debug)

.line
 *(.line)

.debug_srcinfo
 *(.debug_srcinfo)

.debug_sfnames
 *(.debug_sfnames)

.debug_aranges  0x00000000      0x2e8
 *(.debug_aranges)
 .debug_aranges
                0x00000000       0x38 ap/apMain.o
 .debug_aranges
                0x00000038       0x38 ap/Listener/Listener.o
 .debug_aranges
                0x00000070       0x28 ap/Model/Model_StopWatchState.o
 .debug_aranges
                0x00000098       0x28 ap/Model/Model_TimeClockPispState.o
 .debug_aranges
                0x000000c0       0x28 ap/Model/Model_TimeModeState.o
 .debug_aranges
                0x000000e8       0x30 ap/presenter/Presenter.o
 .debug_aranges
                0x00000118       0x30 ap/Service/Service.o
 .debug_aranges
                0x00000148       0x28 driver/Button/button.o
 .debug_aranges
                0x00000170       0x48 driver/FND/FND.o
 .debug_aranges
                0x000001b8       0x88 driver/LCD/LCD.o
 .debug_aranges
                0x00000240       0x20 main.o
 .debug_aranges
                0x00000260       0x48 periph/GPIO/GPIO.o
 .debug_aranges
                0x000002a8       0x20 periph/TIM/TIM.o
 .debug_aranges
                0x000002c8       0x20 periph/TIM/TIM2.o

.debug_pubnames
 *(.debug_pubnames)

.debug_info     0x00000000     0x252a
 *(.debug_info .gnu.linkonce.wi.*)
 .debug_info    0x00000000      0x780 C:/Program Files (x86)/Atmel/Studio/7.0/Packs/atmel/ATmega_DFP/1.7.374/gcc/dev/atmega128a/avr51/crtatmega128a.o
 .debug_info    0x00000780      0x260 ap/apMain.o
 .debug_info    0x000009e0      0x4f0 ap/Listener/Listener.o
 .debug_info    0x00000ed0       0xc0 ap/Model/Model_StopWatchState.o
 .debug_info    0x00000f90       0xc0 ap/Model/Model_TimeClockPispState.o
 .debug_info    0x00001050       0xc0 ap/Model/Model_TimeModeState.o
 .debug_info    0x00001110      0x35f ap/presenter/Presenter.o
 .debug_info    0x0000146f      0x182 ap/Service/Service.o
 .debug_info    0x000015f1      0x27f driver/Button/button.o
 .debug_info    0x00001870      0x18b driver/FND/FND.o
 .debug_info    0x000019fb      0x73b driver/LCD/LCD.o
 .debug_info    0x00002136       0xe2 main.o
 .debug_info    0x00002218      0x20e periph/GPIO/GPIO.o
 .debug_info    0x00002426       0x82 periph/TIM/TIM.o
 .debug_info    0x000024a8       0x82 periph/TIM/TIM2.o

.debug_abbrev   0x00000000     0x1316
 *(.debug_abbrev)
 .debug_abbrev  0x00000000      0x718 C:/Program Files (x86)/Atmel/Studio/7.0/Packs/atmel/ATmega_DFP/1.7.374/gcc/dev/atmega128a/avr51/crtatmega128a.o
 .debug_abbrev  0x00000718       0xcd ap/apMain.o
 .debug_abbrev  0x000007e5      0x14b ap/Listener/Listener.o
 .debug_abbrev  0x00000930       0x8b ap/Model/Model_StopWatchState.o
 .debug_abbrev  0x000009bb       0x8b ap/Model/Model_TimeClockPispState.o
 .debug_abbrev  0x00000a46       0x8b ap/Model/Model_TimeModeState.o
 .debug_abbrev  0x00000ad1      0x12f ap/presenter/Presenter.o
 .debug_abbrev  0x00000c00       0xd6 ap/Service/Service.o
 .debug_abbrev  0x00000cd6      0x191 driver/Button/button.o
 .debug_abbrev  0x00000e67       0xf6 driver/FND/FND.o
 .debug_abbrev  0x00000f5d      0x1a3 driver/LCD/LCD.o
 .debug_abbrev  0x00001100       0x8b main.o
 .debug_abbrev  0x0000118b       0xed periph/GPIO/GPIO.o
 .debug_abbrev  0x00001278       0x4f periph/TIM/TIM.o
 .debug_abbrev  0x000012c7       0x4f periph/TIM/TIM2.o

.debug_line     0x00000000     0x15c0
 *(.debug_line .debug_line.* .debug_line_end)
 .debug_line    0x00000000      0x16a C:/Program Files (x86)/Atmel/Studio/7.0/Packs/atmel/ATmega_DFP/1.7.374/gcc/dev/atmega128a/avr51/crtatmega128a.o
 .debug_line    0x0000016a      0x246 ap/apMain.o
 .debug_line    0x000003b0      0x224 ap/Listener/Listener.o
 .debug_line    0x000005d4       0xcc ap/Model/Model_StopWatchState.o
 .debug_line    0x000006a0       0xd0 ap/Model/Model_TimeClockPispState.o
 .debug_line    0x00000770       0xcb ap/Model/Model_TimeModeState.o
 .debug_line    0x0000083b      0x207 ap/presenter/Presenter.o
 .debug_line    0x00000a42      0x198 ap/Service/Service.o
 .debug_line    0x00000bda      0x1e6 driver/Button/button.o
 .debug_line    0x00000dc0      0x1ad driver/FND/FND.o
 .debug_line    0x00000f6d      0x34e driver/LCD/LCD.o
 .debug_line    0x000012bb       0x47 main.o
 .debug_line    0x00001302      0x151 periph/GPIO/GPIO.o
 .debug_line    0x00001453       0xb3 periph/TIM/TIM.o
 .debug_line    0x00001506       0xba periph/TIM/TIM2.o

.debug_frame    0x00000000      0x5ac
 *(.debug_frame)
 .debug_frame   0x00000000       0xe4 ap/apMain.o
 .debug_frame   0x000000e4       0x5c ap/Listener/Listener.o
 .debug_frame   0x00000140       0x34 ap/Model/Model_StopWatchState.o
 .debug_frame   0x00000174       0x34 ap/Model/Model_TimeClockPispState.o
 .debug_frame   0x000001a8       0x34 ap/Model/Model_TimeModeState.o
 .debug_frame   0x000001dc       0xa4 ap/presenter/Presenter.o
 .debug_frame   0x00000280       0x44 ap/Service/Service.o
 .debug_frame   0x000002c4       0x34 driver/Button/button.o
 .debug_frame   0x000002f8       0x90 driver/FND/FND.o
 .debug_frame   0x00000388      0x124 driver/LCD/LCD.o
 .debug_frame   0x000004ac       0x24 main.o
 .debug_frame   0x000004d0       0x94 periph/GPIO/GPIO.o
 .debug_frame   0x00000564       0x24 periph/TIM/TIM.o
 .debug_frame   0x00000588       0x24 periph/TIM/TIM2.o

.debug_str      0x00000000      0xa6a
 *(.debug_str)
 .debug_str     0x00000000      0x27d C:/Program Files (x86)/Atmel/Studio/7.0/Packs/atmel/ATmega_DFP/1.7.374/gcc/dev/atmega128a/avr51/crtatmega128a.o
 .debug_str     0x0000027d      0x251 ap/apMain.o
                                0x290 (size before relaxing)
 .debug_str     0x000004ce      0x140 ap/Listener/Listener.o
                                0x32c (size before relaxing)
 .debug_str     0x0000060e       0x72 ap/Model/Model_StopWatchState.o
                                0x1c9 (size before relaxing)
 .debug_str     0x00000680       0x3a ap/Model/Model_TimeClockPispState.o
                                0x1d0 (size before relaxing)
 .debug_str     0x000006ba       0x34 ap/Model/Model_TimeModeState.o
                                0x1c8 (size before relaxing)
 .debug_str     0x000006ee       0xd9 ap/presenter/Presenter.o
                                0x274 (size before relaxing)
 .debug_str     0x000007c7       0x18 ap/Service/Service.o
                                0x212 (size before relaxing)
 .debug_str     0x000007df       0x82 driver/Button/button.o
                                0x246 (size before relaxing)
 .debug_str     0x00000861       0x6b driver/FND/FND.o
                                0x209 (size before relaxing)
 .debug_str     0x000008cc      0x12e driver/LCD/LCD.o
                                0x30a (size before relaxing)
 .debug_str     0x000009fa       0x11 main.o
                                0x183 (size before relaxing)
 .debug_str     0x00000a0b       0x36 periph/GPIO/GPIO.o
                                0x208 (size before relaxing)
 .debug_str     0x00000a41       0x14 periph/TIM/TIM.o
                                0x17d (size before relaxing)
 .debug_str     0x00000a55       0x15 periph/TIM/TIM2.o
                                0x17e (size before relaxing)

.debug_loc      0x00000000      0xd56
 *(.debug_loc)
 .debug_loc     0x00000000      0x196 ap/apMain.o
 .debug_loc     0x00000196       0xd7 ap/Listener/Listener.o
 .debug_loc     0x0000026d      0x360 ap/presenter/Presenter.o
 .debug_loc     0x000005cd       0x26 ap/Service/Service.o
 .debug_loc     0x000005f3      0x177 driver/Button/button.o
 .debug_loc     0x0000076a       0x97 driver/FND/FND.o
 .debug_loc     0x00000801      0x437 driver/LCD/LCD.o
 .debug_loc     0x00000c38      0x11e periph/GPIO/GPIO.o

.debug_macinfo
 *(.debug_macinfo)

.debug_weaknames
 *(.debug_weaknames)

.debug_funcnames
 *(.debug_funcnames)

.debug_typenames
 *(.debug_typenames)

.debug_varnames
 *(.debug_varnames)

.debug_pubtypes
 *(.debug_pubtypes)

.debug_ranges   0x00000000      0x208
 *(.debug_ranges)
 .debug_ranges  0x00000000       0x28 ap/apMain.o
 .debug_ranges  0x00000028       0x28 ap/Listener/Listener.o
 .debug_ranges  0x00000050       0x18 ap/Model/Model_StopWatchState.o
 .debug_ranges  0x00000068       0x18 ap/Model/Model_TimeClockPispState.o
 .debug_ranges  0x00000080       0x18 ap/Model/Model_TimeModeState.o
 .debug_ranges  0x00000098       0x20 ap/presenter/Presenter.o
 .debug_ranges  0x000000b8       0x20 ap/Service/Service.o
 .debug_ranges  0x000000d8       0x18 driver/Button/button.o
 .debug_ranges  0x000000f0       0x38 driver/FND/FND.o
 .debug_ranges  0x00000128       0x78 driver/LCD/LCD.o
 .debug_ranges  0x000001a0       0x10 main.o
 .debug_ranges  0x000001b0       0x38 periph/GPIO/GPIO.o
 .debug_ranges  0x000001e8       0x10 periph/TIM/TIM.o
 .debug_ranges  0x000001f8       0x10 periph/TIM/TIM2.o

.debug_macro
 *(.debug_macro)
OUTPUT(ClockMachine_OOP.elf elf32-avr)
LOAD linker stubs
